// Jest Snapshot v1, https://goo.gl/fbAQLP

exports[`ForecastSummary renders correctly 1`] = `
<DocumentFragment>
  <div
    class="forecast-summary"
    data-testid="forecast-summary"
  >
    <div
      class="forecast-summary_card"
    >
      <div
        class="forecast-summary_date"
      >
        Thu Jan 01 1970
      </div>
      <div
        class="forecast-summary_icon"
        data-testid="forecast-icon"
      >
        <i
          class="wi wi-day-sunny"
          name="owm"
        />
      </div>
      <div
        class="forecast-summary_temperature"
      >
        22ËšC
      </div>
      <div
        class="forecast-summary_description"
      >
        Stub description
      </div>
      <button
        class="forecast-summary_button"
        type="button"
      >
        More details
      </button>
    </div>
  </div>
</DocumentFragment>
`;
